******************************************************************************
                  TI ARM Linker Unix v20.2.5                   
******************************************************************************
>> Linked Sat Dec  4 05:20:57 2021

OUTPUT FILE NAME:   <car.out>
ENTRY POINT SYMBOL: "_c_int00_noargs"  address: 000017b5


MEMORY CONFIGURATION

         name            origin    length      used     unused   attr    fill
----------------------  --------  ---------  --------  --------  ----  --------
  MAIN                  00000000   00040000  00001d9a  0003e266  R  X
  INFO                  00200000   00004000  00000000  00004000  R  X
  SRAM_CODE             01000000   00010000  00000248  0000fdb8  RW X
  SRAM_DATA             20000000   00010000  00000248  0000fdb8  RW  


SEGMENT ALLOCATION MAP

run origin  load origin   length   init length attrs members
----------  ----------- ---------- ----------- ----- -------
00000000    00000000    00001da0   00001da0    r-x
  00000000    00000000    000000e4   000000e4    r-- .intvecs
  000000e4    000000e4    00001bee   00001bee    r-x .text
  00001cd4    00001cd4    00000078   00000078    r-- .const
  00001d50    00001d50    00000050   00000050    r-- .cinit
20000000    20000000    00000048   00000000    rw-
  20000000    20000000    0000003c   00000000    rw- .data
  2000003c    2000003c    0000000c   00000000    rw- .bss
2000fe00    2000fe00    00000200   00000000    rw-
  2000fe00    2000fe00    00000200   00000000    rw- .stack


SECTION ALLOCATION MAP

 output                                  attributes/
section   page    origin      length       input sections
--------  ----  ----------  ----------   ----------------
.intvecs   0    00000000    000000e4     
                  00000000    000000e4     startup_msp432p401r_ccs.obj (.intvecs:retain)

.text      0    000000e4    00001bee     
                  000000e4    0000028a     msp432p4xx_driverlib.lib : pcm.o (.text:__PCM_setPowerStateAdvanced)
                  0000036e    00000002     startup_msp432p401r_ccs.obj (.text:Default_Handler)
                  00000370    0000015c     msp432p4xx_driverlib.lib : pcm.o (.text:__PCM_setPowerModeAdvanced)
                  000004cc    00000144                              : timer_a.o (.text:privateTimer_AProcessClockSourceDivider)
                  00000610    0000011c                              : uart.o (.text:UART_initModule)
                  0000072c    00000108                              : pcm.o (.text:__PCM_setCoreVoltageLevelAdvanced)
                  00000834    000000f0     main.obj (.text:EUSCIA0_IRQHandler)
                  00000924    0000009c     rtsv7M4_T_le_v4SPD16_eabi.lib : memcpy_t2.asm.obj (.text)
                  000009c0    00000090     main.obj (.text:PORT5_IRQHandler)
                  00000a50    00000090     main.obj (.text:PORT6_IRQHandler)
                  00000ae0    00000088     msp432p4xx_driverlib.lib : gpio.o (.text:GPIO_setAsPeripheralModuleFunctionInputPin)
                  00000b68    00000088                              : gpio.o (.text:GPIO_setAsPeripheralModuleFunctionOutputPin)
                  00000bf0    00000088     main.obj (.text:checkUltraSonic)
                  00000c78    00000088     main.obj (.text:getHCSR04DistanceFront)
                  00000d00    00000088     main.obj (.text:getHCSR04DistanceLeft)
                  00000d88    00000088     main.obj (.text:getHCSR04DistanceRight)
                  00000e10    00000084     msp432p4xx_driverlib.lib : gpio.o (.text:GPIO_getEnabledInterruptStatus)
                  00000e94    00000084                              : pcm.o (.text:PCM_gotoLPM3)
                  00000f18    00000080                              : interrupt.o (.text:Interrupt_enableInterrupt)
                  00000f98    0000007c     main.obj (.text:initUltraSensors)
                  00001014    00000078     system_msp432p401r.obj (.text:SystemInit)
                  0000108c    00000074     msp432p4xx_driverlib.lib : timer_a.o (.text:Timer_A_generatePWM)
                  00001100    00000074     main.obj (.text:main)
                  00001174    00000068     msp432p4xx_driverlib.lib : timer_a.o (.text:Timer_A_configureUpMode)
                  000011dc    00000068     rtsv7M4_T_le_v4SPD16_eabi.lib : copy_decompress_lzss.c.obj (.text:decompress:lzss:__TI_decompress_lzss)
                  00001244    00000064     msp432p4xx_driverlib.lib : uart.o (.text:UART_getEnabledInterruptStatus)
                  000012a8    0000005e                              : pcm.o (.text:PCM_getCoreVoltageLevel)
                  00001306    0000005a                              : pcm.o (.text:PCM_getPowerMode)
                  00001360    00000058                              : gpio.o (.text:GPIO_setAsInputPinWithPullDownResistor)
                  000013b8    00000058                              : gpio.o (.text:GPIO_setAsInputPinWithPullUpResistor)
                  00001410    00000054                              : pcm.o (.text:PCM_shutdownDevice)
                  00001464    0000004c                              : timer_a.o (.text:Timer_A_getCounterValue)
                  000014b0    00000048     main.obj (.text:setWheelInterupt)
                  000014f8    00000044     rtsv7M4_T_le_v4SPD16_eabi.lib : autoinit.c.obj (.text:__TI_auto_init_nobinit_nopinit:__TI_auto_init_nobinit_nopinit)
                  0000153c    00000042     main.obj (.text:setS1S2Interrupt)
                  0000157e    00000002     --HOLE-- [fill = 0]
                  00001580    00000040     msp432p4xx_driverlib.lib : gpio.o (.text:GPIO_setAsOutputPin)
                  000015c0    00000040     main.obj (.text:initUART)
                  00001600    0000003c     main.obj (.text:setMotorPorts)
                  0000163c    00000038     main.obj (.text:rotateCarLeft)
                  00001674    00000038     main.obj (.text:rotateCarRight)
                  000016ac    00000038     main.obj (.text:uPrintf)
                  000016e4    00000034     msp432p4xx_driverlib.lib : cs.o (.text:CS_setDCOCenteredFrequency)
                  00001718    00000034     main.obj (.text:PORT1_IRQHandler)
                  0000174c    00000034     main.obj (.text:TA1_0_IRQHandler)
                  00001780    00000034     msp432p4xx_driverlib.lib : uart.o (.text:UART_transmitData)
                  000017b4    00000034     rtsv7M4_T_le_v4SPD16_eabi.lib : boot_cortex_m.c.obj (.text:_c_int00_noargs:_c_int00_noargs)
                  000017e8    00000034     main.obj (.text:startMoving)
                  0000181c    00000030     msp432p4xx_driverlib.lib : gpio.o (.text:GPIO_getInputPinValue)
                  0000184c    00000030                              : uart.o (.text:UART_enableInterrupt)
                  0000187c    00000030                              : uart.o (.text:UART_receiveData)
                  000018ac    00000030     main.obj (.text:getHCSR04TimeFront)
                  000018dc    00000030     main.obj (.text:getHCSR04TimeLeft)
                  0000190c    00000030     main.obj (.text:getHCSR04TimeRight)
                  0000193c    0000002c     msp432p4xx_driverlib.lib : rtc_c.o (.text:RTC_C_holdClock)
                  00001968    0000002c                              : timer_a.o (.text:Timer_A_clearCaptureCompareInterrupt)
                  00001994    00000028                              : gpio.o (.text:GPIO_clearInterruptFlag)
                  000019bc    00000028                              : gpio.o (.text:GPIO_enableInterrupt)
                  000019e4    00000028                              : gpio.o (.text:GPIO_setOutputHighOnPin)
                  00001a0c    00000028                              : gpio.o (.text:GPIO_setOutputLowOnPin)
                  00001a34    00000028                              : gpio.o (.text:GPIO_toggleOutputOnPin)
                  00001a5c    00000028                              : pcm.o (.text:PCM_gotoLPM0)
                  00001a84    00000028     main.obj (.text:changeDirection)
                  00001aac    00000024     main.obj (.text:Delay)
                  00001ad0    00000024     msp432p4xx_driverlib.lib : gpio.o (.text:GPIO_getInterruptStatus)
                  00001af4    00000024                              : wdt_a.o (.text:WDT_A_holdTimer)
                  00001b18    00000024     main.obj (.text:setOutputOnMotor)
                  00001b3c    00000020     main.obj (.text:generatePWN)
                  00001b5c    0000001c     msp432p4xx_driverlib.lib : pcm.o (.text:PCM_gotoLPM3InterruptSafe)
                  00001b78    0000001c     rtsv7M4_T_le_v4SPD16_eabi.lib : copy_zero_init.c.obj (.text:decompress:ZI:__TI_zero_init_nomemset:__TI_zero_init_nomemset)
                  00001b94    0000001c     main.obj (.text:zeroPWN)
                  00001bb0    00000018     msp432p4xx_driverlib.lib : timer_a.o (.text:Timer_A_clearTimer)
                  00001bc8    00000018                              : uart.o (.text:UART_getInterruptStatus)
                  00001be0    00000016                              : timer_a.o (.text:Timer_A_startCounter)
                  00001bf6    00000016                              : uart.o (.text:UART_enableModule)
                  00001c0c    00000014                              : pcm.o (.text:PCM_getPowerState)
                  00001c20    00000014                              : timer_a.o (.text:Timer_A_stopTimer)
                  00001c34    00000010                              : interrupt.o (.text:Interrupt_disableMaster)
                  00001c44    00000010                              : interrupt.o (.text:Interrupt_enableMaster)
                  00001c54    00000010                              : interrupt.o (.text:Interrupt_enableSleepOnIsrExit)
                  00001c64    00000010                              : pcm.o (.text:PCM_gotoLPM4)
                  00001c74    00000010                              : pcm.o (.text:PCM_setPowerMode)
                  00001c84    00000010                              : pcm.o (.text:PCM_setPowerState)
                  00001c94    0000000e     rtsv7M4_T_le_v4SPD16_eabi.lib : copy_decompress_none.c.obj (.text:decompress:none:__TI_decompress_none)
                  00001ca2    0000000c     msp432p4xx_driverlib.lib : cpu.o (.text:CPU_cpsid)
                  00001cae    0000000c                              : cpu.o (.text:CPU_cpsie)
                  00001cba    0000000c     startup_msp432p401r_ccs.obj (.text:Reset_Handler)
                  00001cc6    00000004     msp432p4xx_driverlib.lib : cpu.o (.text:CPU_wfi)
                  00001cca    00000004     rtsv7M4_T_le_v4SPD16_eabi.lib : pre_init.c.obj (.text:_system_pre_init)
                  00001cce    00000004                                   : exit.c.obj (.text:abort:abort)

.const     0    00001cd4    00000078     
                  00001cd4    00000030     msp432p4xx_driverlib.lib : gpio.o (.const:GPIO_PORT_TO_BASE)
                  00001d04    00000028     main.obj (.const:uartConfig)
                  00001d2c    00000018     main.obj (.const:$P$T0$1)
                  00001d44    00000008     msp432p4xx_driverlib.lib : interrupt.o (.const:g_pulEnRegs)

.cinit     0    00001d50    00000050     
                  00001d50    00000026     (.cinit..data.load) [load image, compression = lzss]
                  00001d76    00000002     --HOLE-- [fill = 0]
                  00001d78    0000000c     (__TI_handler_table)
                  00001d84    00000004     --HOLE-- [fill = 0]
                  00001d88    00000008     (.cinit..bss.load) [load image, compression = zero_init]
                  00001d90    00000010     (__TI_cinit_table)

.init_array 
*          0    00000000    00000000     UNINITIALIZED

.binit     0    00000000    00000000     

.data      0    20000000    0000003c     UNINITIALIZED
                  20000000    00000018     main.obj (.data:pwmConfig1)
                  20000018    00000018     main.obj (.data:pwmConfig2)
                  20000030    0000000c     main.obj (.data)

.bss       0    2000003c    0000000c     UNINITIALIZED
                  2000003c    00000004     (.common:SR04IntTimesFront)
                  20000040    00000004     (.common:SR04IntTimesLeft)
                  20000044    00000004     (.common:SR04IntTimesRight)

.stack     0    2000fe00    00000200     UNINITIALIZED
                  2000fe00    00000004     rtsv7M4_T_le_v4SPD16_eabi.lib : boot_cortex_m.c.obj (.stack)
                  2000fe04    000001fc     --HOLE--

__llvm_prf_cnts 
*          0    20000000    00000000     UNINITIALIZED

MODULE SUMMARY

       Module                        code   ro data   rw data
       ------                        ----   -------   -------
    ./
       main.obj                      2214   64        144    
       system_msp432p401r.obj        120    0         0      
    +--+-----------------------------+------+---------+---------+
       Total:                        2334   64        144    
                                                             
    ./ccs/
       startup_msp432p401r_ccs.obj   14     228       0      
    +--+-----------------------------+------+---------+---------+
       Total:                        14     228       0      
                                                             
    /Applications/ti/ccs1040/ccs/tools/compiler/ti-cgt-arm_20.2.5.LTS/lib/rtsv7M4_T_le_v4SPD16_eabi.lib
       memcpy_t2.asm.obj             156    0         0      
       copy_decompress_lzss.c.obj    104    0         0      
       autoinit.c.obj                68     0         0      
       boot_cortex_m.c.obj           52     0         0      
       copy_zero_init.c.obj          28     0         0      
       copy_decompress_none.c.obj    14     0         0      
       exit.c.obj                    4      0         0      
       pre_init.c.obj                4      0         0      
    +--+-----------------------------+------+---------+---------+
       Total:                        430    0         0      
                                                             
    /Applications/ti/simplelink_msp432p4_sdk_3_40_01_02/source/ti/devices/msp432p4xx/driverlib/ccs/msp432p4xx_driverlib.lib
       pcm.o                         1798   0         0      
       gpio.o                        928    48        0      
       timer_a.o                     730    0         0      
       uart.o                        578    0         0      
       interrupt.o                   176    8         0      
       cs.o                          52     0         0      
       rtc_c.o                       44     0         0      
       wdt_a.o                       36     0         0      
       cpu.o                         28     0         0      
    +--+-----------------------------+------+---------+---------+
       Total:                        4370   56        0      
                                                             
       Stack:                        0      0         1024   
       Linker Generated:             0      74        0      
    +--+-----------------------------+------+---------+---------+
       Grand Total:                  7148   422       1168   


LINKER GENERATED COPY TABLES

__TI_cinit_table @ 00001d90 records: 2, size/record: 8, table size: 16
	.data: load addr=00001d50, load size=00000026 bytes, run addr=20000000, run size=0000003c bytes, compression=lzss
	.bss: load addr=00001d88, load size=00000008 bytes, run addr=2000003c, run size=0000000c bytes, compression=zero_init


LINKER GENERATED HANDLER TABLE

__TI_handler_table @ 00001d78 records: 3, size/record: 4, table size: 12
	index: 0, handler: __TI_decompress_lzss
	index: 1, handler: __TI_decompress_none
	index: 2, handler: __TI_zero_init


GLOBAL SYMBOLS: SORTED ALPHABETICALLY BY Name 

address   name                                       
-------   ----                                       
0000036f  ADC14_IRQHandler                           
0000036f  AES256_IRQHandler                          
0000036f  BusFault_Handler                           
00001ccf  C$$EXIT                                    
0000036f  COMP_E0_IRQHandler                         
0000036f  COMP_E1_IRQHandler                         
00001ca3  CPU_cpsid                                  
00001caf  CPU_cpsie                                  
00001cc7  CPU_wfi                                    
0000036f  CS_IRQHandler                              
000016e5  CS_setDCOCenteredFrequency                 
0000036f  DMA_ERR_IRQHandler                         
0000036f  DMA_INT0_IRQHandler                        
0000036f  DMA_INT1_IRQHandler                        
0000036f  DMA_INT2_IRQHandler                        
0000036f  DMA_INT3_IRQHandler                        
0000036f  DebugMon_Handler                           
0000036f  Default_Handler                            
00000835  EUSCIA0_IRQHandler                         
00000835  EUSCIA0_IRQHandler                         
0000036f  EUSCIA1_IRQHandler                         
0000036f  EUSCIA2_IRQHandler                         
0000036f  EUSCIA3_IRQHandler                         
0000036f  EUSCIB0_IRQHandler                         
0000036f  EUSCIB1_IRQHandler                         
0000036f  EUSCIB2_IRQHandler                         
0000036f  EUSCIB3_IRQHandler                         
0000036f  FLCTL_IRQHandler                           
0000036f  FPU_IRQHandler                             
00001995  GPIO_clearInterruptFlag                    
000019bd  GPIO_enableInterrupt                       
00000e11  GPIO_getEnabledInterruptStatus             
0000181d  GPIO_getInputPinValue                      
00001ad1  GPIO_getInterruptStatus                    
00001361  GPIO_setAsInputPinWithPullDownResistor     
000013b9  GPIO_setAsInputPinWithPullUpResistor       
00001581  GPIO_setAsOutputPin                        
00000ae1  GPIO_setAsPeripheralModuleFunctionInputPin 
00000b69  GPIO_setAsPeripheralModuleFunctionOutputPin
000019e5  GPIO_setOutputHighOnPin                    
00001a0d  GPIO_setOutputLowOnPin                     
00001a35  GPIO_toggleOutputOnPin                     
0000036f  HardFault_Handler                          
00001c35  Interrupt_disableMaster                    
00000f19  Interrupt_enableInterrupt                  
00001c45  Interrupt_enableMaster                     
00001c55  Interrupt_enableSleepOnIsrExit             
0000036f  MemManage_Handler                          
0000036f  NMI_Handler                                
0000036f  PCM_IRQHandler                             
000012a9  PCM_getCoreVoltageLevel                    
00001307  PCM_getPowerMode                           
00001c0d  PCM_getPowerState                          
00001a5d  PCM_gotoLPM0                               
00000e95  PCM_gotoLPM3                               
00001b5d  PCM_gotoLPM3InterruptSafe                  
00001c65  PCM_gotoLPM4                               
00001c75  PCM_setPowerMode                           
00001c85  PCM_setPowerState                          
00001411  PCM_shutdownDevice                         
00001719  PORT1_IRQHandler                           
00001719  PORT1_IRQHandler                           
0000036f  PORT2_IRQHandler                           
0000036f  PORT3_IRQHandler                           
0000036f  PORT4_IRQHandler                           
000009c1  PORT5_IRQHandler                           
000009c1  PORT5_IRQHandler                           
00000a51  PORT6_IRQHandler                           
00000a51  PORT6_IRQHandler                           
0000036f  PSS_IRQHandler                             
0000036f  PendSV_Handler                             
0000036f  RTC_C_IRQHandler                           
0000193d  RTC_C_holdClock                            
00001cbb  Reset_Handler                              
2000003c  SR04IntTimesFront                          
20000040  SR04IntTimesLeft                           
20000044  SR04IntTimesRight                          
0000036f  SVC_Handler                                
0000036f  SysTick_Handler                            
00001015  SystemInit                                 
0000036f  T32_INT1_IRQHandler                        
0000036f  T32_INT2_IRQHandler                        
0000036f  T32_INTC_IRQHandler                        
0000036f  TA0_0_IRQHandler                           
0000036f  TA0_N_IRQHandler                           
0000174d  TA1_0_IRQHandler                           
0000174d  TA1_0_IRQHandler                           
0000036f  TA1_N_IRQHandler                           
0000036f  TA2_0_IRQHandler                           
0000036f  TA2_N_IRQHandler                           
0000036f  TA3_0_IRQHandler                           
0000036f  TA3_N_IRQHandler                           
00001969  Timer_A_clearCaptureCompareInterrupt       
00001bb1  Timer_A_clearTimer                         
00001175  Timer_A_configureUpMode                    
0000108d  Timer_A_generatePWM                        
00001465  Timer_A_getCounterValue                    
00001be1  Timer_A_startCounter                       
00001c21  Timer_A_stopTimer                          
0000184d  UART_enableInterrupt                       
00001bf7  UART_enableModule                          
00001245  UART_getEnabledInterruptStatus             
00001bc9  UART_getInterruptStatus                    
00000611  UART_initModule                            
0000187d  UART_receiveData                           
00001781  UART_transmitData                          
0000036f  UsageFault_Handler                         
4000480c  WDTCTL_SYM                                 
0000036f  WDT_A_IRQHandler                           
00001af5  WDT_A_holdTimer                            
20010000  __STACK_END                                
00000200  __STACK_SIZE                               
00001d90  __TI_CINIT_Base                            
00001da0  __TI_CINIT_Limit                           
00001d78  __TI_Handler_Table_Base                    
00001d84  __TI_Handler_Table_Limit                   
000014f9  __TI_auto_init_nobinit_nopinit             
000011dd  __TI_decompress_lzss                       
00001c95  __TI_decompress_none                       
ffffffff  __TI_pprof_out_hndl                        
ffffffff  __TI_prof_data_size                        
ffffffff  __TI_prof_data_start                       
00000000  __TI_static_base__                         
00001b79  __TI_zero_init_nomemset                    
00000925  __aeabi_memcpy                             
00000925  __aeabi_memcpy4                            
00000925  __aeabi_memcpy8                            
ffffffff  __binit__                                  
ffffffff  __c_args__                                 
UNDEFED   __mpu_init                                 
2000fe00  __stack                                    
20000000  __start___llvm_prf_cnts                    
20000000  __stop___llvm_prf_cnts                     
000017b5  _c_int00_noargs                            
UNDEFED   _system_post_cinit                         
00001ccb  _system_pre_init                           
00001ccf  abort                                      
ffffffff  binit                                      
00001a85  changeDirection                            
00000bf1  checkUltraSonic                            
20000030  detectleft                                 
20000034  detectright                                
00001b3d  generatePWN                                
00000c79  getHCSR04DistanceFront                     
00000d01  getHCSR04DistanceLeft                      
00000d89  getHCSR04DistanceRight                     
000015c1  initUART                                   
00000f99  initUltraSensors                           
00000000  interruptVectors                           
00001101  main                                       
00000925  memcpy                                     
20000000  pwmConfig1                                 
20000018  pwmConfig2                                 
20000038  ratio                                      
0000163d  rotateCarLeft                              
00001675  rotateCarRight                             
00001601  setMotorPorts                              
00001b19  setOutputOnMotor                           
0000153d  setS1S2Interrupt                           
000014b1  setWheelInterupt                           
000017e9  startMoving                                
000016ad  uPrintf                                    
00001d04  uartConfig                                 
00001b95  zeroPWN                                    


GLOBAL SYMBOLS: SORTED BY Symbol Address 

address   name                                       
-------   ----                                       
00000000  __TI_static_base__                         
00000000  interruptVectors                           
00000200  __STACK_SIZE                               
0000036f  ADC14_IRQHandler                           
0000036f  AES256_IRQHandler                          
0000036f  BusFault_Handler                           
0000036f  COMP_E0_IRQHandler                         
0000036f  COMP_E1_IRQHandler                         
0000036f  CS_IRQHandler                              
0000036f  DMA_ERR_IRQHandler                         
0000036f  DMA_INT0_IRQHandler                        
0000036f  DMA_INT1_IRQHandler                        
0000036f  DMA_INT2_IRQHandler                        
0000036f  DMA_INT3_IRQHandler                        
0000036f  DebugMon_Handler                           
0000036f  Default_Handler                            
0000036f  EUSCIA1_IRQHandler                         
0000036f  EUSCIA2_IRQHandler                         
0000036f  EUSCIA3_IRQHandler                         
0000036f  EUSCIB0_IRQHandler                         
0000036f  EUSCIB1_IRQHandler                         
0000036f  EUSCIB2_IRQHandler                         
0000036f  EUSCIB3_IRQHandler                         
0000036f  FLCTL_IRQHandler                           
0000036f  FPU_IRQHandler                             
0000036f  HardFault_Handler                          
0000036f  MemManage_Handler                          
0000036f  NMI_Handler                                
0000036f  PCM_IRQHandler                             
0000036f  PORT2_IRQHandler                           
0000036f  PORT3_IRQHandler                           
0000036f  PORT4_IRQHandler                           
0000036f  PSS_IRQHandler                             
0000036f  PendSV_Handler                             
0000036f  RTC_C_IRQHandler                           
0000036f  SVC_Handler                                
0000036f  SysTick_Handler                            
0000036f  T32_INT1_IRQHandler                        
0000036f  T32_INT2_IRQHandler                        
0000036f  T32_INTC_IRQHandler                        
0000036f  TA0_0_IRQHandler                           
0000036f  TA0_N_IRQHandler                           
0000036f  TA1_N_IRQHandler                           
0000036f  TA2_0_IRQHandler                           
0000036f  TA2_N_IRQHandler                           
0000036f  TA3_0_IRQHandler                           
0000036f  TA3_N_IRQHandler                           
0000036f  UsageFault_Handler                         
0000036f  WDT_A_IRQHandler                           
00000611  UART_initModule                            
00000835  EUSCIA0_IRQHandler                         
00000835  EUSCIA0_IRQHandler                         
00000925  __aeabi_memcpy                             
00000925  __aeabi_memcpy4                            
00000925  __aeabi_memcpy8                            
00000925  memcpy                                     
000009c1  PORT5_IRQHandler                           
000009c1  PORT5_IRQHandler                           
00000a51  PORT6_IRQHandler                           
00000a51  PORT6_IRQHandler                           
00000ae1  GPIO_setAsPeripheralModuleFunctionInputPin 
00000b69  GPIO_setAsPeripheralModuleFunctionOutputPin
00000bf1  checkUltraSonic                            
00000c79  getHCSR04DistanceFront                     
00000d01  getHCSR04DistanceLeft                      
00000d89  getHCSR04DistanceRight                     
00000e11  GPIO_getEnabledInterruptStatus             
00000e95  PCM_gotoLPM3                               
00000f19  Interrupt_enableInterrupt                  
00000f99  initUltraSensors                           
00001015  SystemInit                                 
0000108d  Timer_A_generatePWM                        
00001101  main                                       
00001175  Timer_A_configureUpMode                    
000011dd  __TI_decompress_lzss                       
00001245  UART_getEnabledInterruptStatus             
000012a9  PCM_getCoreVoltageLevel                    
00001307  PCM_getPowerMode                           
00001361  GPIO_setAsInputPinWithPullDownResistor     
000013b9  GPIO_setAsInputPinWithPullUpResistor       
00001411  PCM_shutdownDevice                         
00001465  Timer_A_getCounterValue                    
000014b1  setWheelInterupt                           
000014f9  __TI_auto_init_nobinit_nopinit             
0000153d  setS1S2Interrupt                           
00001581  GPIO_setAsOutputPin                        
000015c1  initUART                                   
00001601  setMotorPorts                              
0000163d  rotateCarLeft                              
00001675  rotateCarRight                             
000016ad  uPrintf                                    
000016e5  CS_setDCOCenteredFrequency                 
00001719  PORT1_IRQHandler                           
00001719  PORT1_IRQHandler                           
0000174d  TA1_0_IRQHandler                           
0000174d  TA1_0_IRQHandler                           
00001781  UART_transmitData                          
000017b5  _c_int00_noargs                            
000017e9  startMoving                                
0000181d  GPIO_getInputPinValue                      
0000184d  UART_enableInterrupt                       
0000187d  UART_receiveData                           
0000193d  RTC_C_holdClock                            
00001969  Timer_A_clearCaptureCompareInterrupt       
00001995  GPIO_clearInterruptFlag                    
000019bd  GPIO_enableInterrupt                       
000019e5  GPIO_setOutputHighOnPin                    
00001a0d  GPIO_setOutputLowOnPin                     
00001a35  GPIO_toggleOutputOnPin                     
00001a5d  PCM_gotoLPM0                               
00001a85  changeDirection                            
00001ad1  GPIO_getInterruptStatus                    
00001af5  WDT_A_holdTimer                            
00001b19  setOutputOnMotor                           
00001b3d  generatePWN                                
00001b5d  PCM_gotoLPM3InterruptSafe                  
00001b79  __TI_zero_init_nomemset                    
00001b95  zeroPWN                                    
00001bb1  Timer_A_clearTimer                         
00001bc9  UART_getInterruptStatus                    
00001be1  Timer_A_startCounter                       
00001bf7  UART_enableModule                          
00001c0d  PCM_getPowerState                          
00001c21  Timer_A_stopTimer                          
00001c35  Interrupt_disableMaster                    
00001c45  Interrupt_enableMaster                     
00001c55  Interrupt_enableSleepOnIsrExit             
00001c65  PCM_gotoLPM4                               
00001c75  PCM_setPowerMode                           
00001c85  PCM_setPowerState                          
00001c95  __TI_decompress_none                       
00001ca3  CPU_cpsid                                  
00001caf  CPU_cpsie                                  
00001cbb  Reset_Handler                              
00001cc7  CPU_wfi                                    
00001ccb  _system_pre_init                           
00001ccf  C$$EXIT                                    
00001ccf  abort                                      
00001d04  uartConfig                                 
00001d78  __TI_Handler_Table_Base                    
00001d84  __TI_Handler_Table_Limit                   
00001d90  __TI_CINIT_Base                            
00001da0  __TI_CINIT_Limit                           
20000000  __start___llvm_prf_cnts                    
20000000  __stop___llvm_prf_cnts                     
20000000  pwmConfig1                                 
20000018  pwmConfig2                                 
20000030  detectleft                                 
20000034  detectright                                
20000038  ratio                                      
2000003c  SR04IntTimesFront                          
20000040  SR04IntTimesLeft                           
20000044  SR04IntTimesRight                          
2000fe00  __stack                                    
20010000  __STACK_END                                
4000480c  WDTCTL_SYM                                 
ffffffff  __TI_pprof_out_hndl                        
ffffffff  __TI_prof_data_size                        
ffffffff  __TI_prof_data_start                       
ffffffff  __binit__                                  
ffffffff  __c_args__                                 
ffffffff  binit                                      
UNDEFED   __mpu_init                                 
UNDEFED   _system_post_cinit                         

[164 symbols]
